// Jest Snapshot v1, https://goo.gl/fbAQLP

exports[`<ActionRequirement /> should match snapshot 1`] = `
.c1 {
  margin: 0;
  padding: 0;
  font-size: 16px;
  line-height: 24px;
  font-weight: 400;
  font-family: Rubik;
  color: #231B22;
  margin-top: 16px;
  color: #6B6B78;
}

.c0 {
  margin: 0;
  padding: 0;
  font-size: 24px;
  line-height: 32px;
  font-weight: 500;
  font-family: Rubik;
  color: #231B22;
}

.c2 {
  margin-top: 32px;
  display: -webkit-box;
  display: -webkit-flex;
  display: -ms-flexbox;
  display: flex;
  -webkit-flex-direction: column;
  -ms-flex-direction: column;
  flex-direction: column;
}

@media (min-width:769px) {
  .c0 {
    max-width: 700px;
    font-size: 48px;
    line-height: 48px;
  }
}

@media (min-width:769px) {
  .c2 {
    -webkit-flex-direction: row;
    -ms-flex-direction: row;
    flex-direction: row;
    margin-top: 32px;
  }
}

<div>
  <div
    class=""
  >
    <p
      class="c0"
    />
    <p
      class="c1"
      color="deep"
    />
    <p
      class="c1"
      color="deep"
    />
    <div
      class="c2"
    />
  </div>
</div>
`;
