// Jest Snapshot v1, https://goo.gl/fbAQLP

exports[`<Drawer /> should match snapshot 1`] = `
.c11 {
  box-sizing: border-box;
  text-align: center;
  outline: none;
  -webkit-transition: all 0.2s;
  transition: all 0.2s;
  cursor: pointer;
  display: -webkit-box;
  display: -webkit-flex;
  display: -ms-flexbox;
  display: flex;
  -webkit-align-items: center;
  -webkit-box-align: center;
  -ms-flex-align: center;
  align-items: center;
  -webkit-box-pack: center;
  -webkit-justify-content: center;
  -ms-flex-pack: center;
  justify-content: center;
  width: auto;
  height: 48px;
  padding-left: 24px;
  padding-right: 24px;
  background-color: #231B22;
  border: none;
  border-radius: 9999px;
  color: #FFFFFF;
  font-size: 16px;
  font-weight: 500;
  font-family: Rubik;
  -webkit-letter-spacing: normal;
  -moz-letter-spacing: normal;
  -ms-letter-spacing: normal;
  letter-spacing: normal;
  line-height: 1;
  -webkit-text-decoration: none;
  text-decoration: none;
}

.c11 svg {
  width: 24px;
  height: 24px;
  fill: #FFFFFF;
  margin-right: 8px;
  -webkit-transition: fill 0.2s;
  transition: fill 0.2s;
}

.c11:not([disabled]):hover,
.c11:not([disabled]):focus {
  box-shadow: 0 4px 8px rgba(35,27,34,0.45);
}

.c11:active {
  background-color: rgba(35,27,34,0.75);
  color: #FFFFFF;
}

.c11:active svg {
  fill: #FFFFFF;
}

.c4 {
  width: 100%;
}

.c5 {
  padding-top: 16px;
  padding-right: 16px;
  padding-left: 40px;
}

.c6 {
  width: 100%;
  display: -webkit-box;
  display: -webkit-flex;
  display: -ms-flexbox;
  display: flex;
  -webkit-align-items: center;
  -webkit-box-align: center;
  -ms-flex-align: center;
  align-items: center;
  -webkit-box-pack: justify;
  -webkit-justify-content: space-between;
  -ms-flex-pack: justify;
  justify-content: space-between;
}

.c8 {
  margin-bottom: 32px;
  color: #6B6B78;
  font-size: 16px;
  font-weight: 400;
  text-align: center;
}

.c10 {
  padding-top: 16px;
  padding-right: 16px;
  padding-bottom: 40px;
  padding-left: 40px;
  width: 100%;
  display: -webkit-box;
  display: -webkit-flex;
  display: -ms-flexbox;
  display: flex;
}

.c7 {
  margin: 0;
  padding: 0;
  font-size: 16px;
  line-height: 24px;
  font-weight: 400;
  font-family: Rubik;
  color: #231B22;
  font-size: 12px;
  text-transform: uppercase;
}

.c1 {
  padding: 16px  16px  16px  16px;
  border-radius: 8px;
  background-color: #FFFFFF;
  box-shadow: 0 2px 4px -1px rgba(152,152,166,0.2),0 4px 5px 0px rgba(152,152,166,0.14),0 1px 10px 0px rgba(152,152,166,0.12);
}

.c2 {
  padding: 40px 32px 32px;
  width: 580px;
  min-height: 160px;
  border-radius: 16px;
  display: -webkit-box;
  display: -webkit-flex;
  display: -ms-flexbox;
  display: flex;
  -webkit-align-items: center;
  -webkit-box-align: center;
  -ms-flex-align: center;
  align-items: center;
  -webkit-flex-direction: column;
  -ms-flex-direction: column;
  flex-direction: column;
}

.c0 {
  display: -webkit-box;
  display: -webkit-flex;
  display: -ms-flexbox;
  display: flex;
  z-index: 3;
  -webkit-box-pack: center;
  -webkit-justify-content: center;
  -ms-flex-pack: center;
  justify-content: center;
  -webkit-align-items: center;
  -webkit-box-align: center;
  -ms-flex-align: center;
  align-items: center;
  position: fixed;
  top: 0;
  right: 0;
  left: 0;
  bottom: 0;
  background-color: rgba(35,27,34,0.48);
}

.c3 {
  position: absolute;
  right: 0;
  -webkit-align-self: flex-end;
  -ms-flex-item-align: end;
  align-self: flex-end;
  height: 100%;
  padding: 0 !important;
  border-radius: 0 !important;
  -webkit-transition: 0.25s ease-in-out;
  transition: 0.25s ease-in-out;
  -webkit-animation: content;
  animation: content;
  -webkit-animation-duration: 400ms;
  animation-duration: 400ms;
  -webkit-animation-fill-mode: forwards;
  animation-fill-mode: forwards;
  width: min(600px,100%);
}

.c9 {
  width: 100%;
  height: 100%;
  -webkit-align-self: flex-start;
  -ms-flex-item-align: start;
  align-self: flex-start;
  margin: 0;
  padding-left: 40px;
  text-align: left;
}

<body>
  <div />
  <div
    id="dialog"
  >
    <div>
      <div
        class="c0"
      >
        <section
          class="c1 c2 c3"
        >
          <header
            aria-label="header-drawer"
            class="c4"
            role="heading"
            width="100%"
          >
            <div
              class="c5"
            >
              <div
                class="c6"
                display="flex"
                width="100%"
              >
                <p
                  class="c7"
                  font-size="xsmall"
                >
                  Title
                </p>
              </div>
            </div>
          </header>
          <div
            class="c8 c9"
            color="text.secondary"
          >
            Subtitle
          </div>
          <footer
            class="c10"
            d="flex"
            width="100%"
          >
            <button
              class="c11"
            >
              Ok, got it!
            </button>
          </footer>
        </section>
      </div>
    </div>
  </div>
</body>
`;
