// Jest Snapshot v1, https://goo.gl/fbAQLP

exports[`<ActionRequirement /> should match snapshot 1`] = `
<View
  checkable={
    <Styled(View)
      alignItems="center"
      display="flex"
      flexDirection="row"
    >
      <WithTheme(Checkbox) />
      <Text
        inverted={false}
        light={false}
        size="medium"
      >
        I have read and agree to the Terms of Use and Privacy Policy.
      </Text>
    </Styled(View)>
  }
  description="Lets make it a good day!"
  illustration={
    <Unknown
      height={375}
      width={375}
    />
  }
  list={
    <React.Fragment>
      <Text
        inverted={false}
        light={false}
        size="medium"
      >
        <Unknown />
         1x/day standard access
      </Text>
      <Text
        inverted={false}
        light={false}
        mt="small"
        size="medium"
      >
        <Unknown />
         4x/month 1-on-1 sessions
      </Text>
      <Text
        inverted={false}
        light={false}
        mt="small"
        size="medium"
      >
        <Unknown />
         2x/month premium classes
      </Text>
    </React.Fragment>
  }
  style={
    Array [
      Object {},
    ]
  }
  title="Welcome to the world of feeling good!"
>
  <View
    style={
      Array [
        Object {},
      ]
    }
  >
    <RNSVGSvgView
      bbHeight={375}
      bbWidth={375}
      focusable={false}
      height={375}
      style={
        Array [
          Object {
            "backgroundColor": "transparent",
            "borderWidth": 0,
          },
          undefined,
          Object {
            "opacity": 1,
          },
          Object {
            "flex": 0,
            "height": 375,
            "width": 375,
          },
        ]
      }
      width={375}
    >
      <RNSVGGroup
        fill={
          Array [
            0,
            4278190080,
          ]
        }
        fillOpacity={1}
        fillRule={1}
        font={Object {}}
        matrix={
          Array [
            1,
            0,
            0,
            1,
            0,
            0,
          ]
        }
        opacity={1}
        originX={0}
        originY={0}
        propList={Array []}
        rotation={0}
        scaleX={1}
        scaleY={1}
        skewX={0}
        skewY={0}
        stroke={null}
        strokeDasharray={null}
        strokeDashoffset={null}
        strokeLinecap={0}
        strokeLinejoin={0}
        strokeMiterlimit={4}
        strokeOpacity={1}
        strokeWidth={1}
        vectorEffect={0}
        x={0}
        y={0}
      />
    </RNSVGSvgView>
  </View>
  <Text
    style={
      Array [
        Object {
          "color": "#231B22",
          "fontFamily": "Rubik",
          "fontSize": 24,
          "fontWeight": "500",
          "lineHeight": 32,
        },
      ]
    }
  >
    Welcome to the world of feeling good!
  </Text>
  <Text
    color="deep"
    inverted={false}
    light={false}
    mt="small"
    size="medium"
    style={
      Array [
        Object {
          "color": "#6B6B78",
          "fontFamily": "Rubik",
          "fontSize": 16,
          "fontWeight": "400",
          "lineHeight": 24,
          "marginTop": 16,
        },
      ]
    }
  >
    Lets make it a good day!
  </Text>
  <Text
    color="deep"
    inverted={false}
    light={false}
    mt="small"
    size="medium"
    style={
      Array [
        Object {
          "color": "#6B6B78",
          "fontFamily": "Rubik",
          "fontSize": 16,
          "fontWeight": "400",
          "lineHeight": 24,
          "marginTop": 16,
        },
      ]
    }
  >
    <View
      mt="xxxlarge"
      style={
        Array [
          Object {
            "marginTop": 56,
          },
        ]
      }
    >
      <Text
        inverted={false}
        light={false}
        size="medium"
        style={
          Array [
            Object {
              "color": "#231B22",
              "fontFamily": "Rubik",
              "fontSize": 16,
              "fontWeight": "400",
              "lineHeight": 24,
            },
          ]
        }
      >
        <RNSVGSvgView
          focusable={false}
          style={
            Array [
              Object {
                "backgroundColor": "transparent",
                "borderWidth": 0,
              },
              undefined,
              Object {
                "opacity": 1,
              },
              null,
            ]
          }
        >
          <RNSVGGroup
            fill={
              Array [
                0,
                4278190080,
              ]
            }
            fillOpacity={1}
            fillRule={1}
            font={Object {}}
            matrix={
              Array [
                1,
                0,
                0,
                1,
                0,
                0,
              ]
            }
            opacity={1}
            originX={0}
            originY={0}
            propList={Array []}
            rotation={0}
            scaleX={1}
            scaleY={1}
            skewX={0}
            skewY={0}
            stroke={null}
            strokeDasharray={null}
            strokeDashoffset={null}
            strokeLinecap={0}
            strokeLinejoin={0}
            strokeMiterlimit={4}
            strokeOpacity={1}
            strokeWidth={1}
            vectorEffect={0}
            x={0}
            y={0}
          />
        </RNSVGSvgView>
         1x/day standard access
      </Text>
      <Text
        inverted={false}
        light={false}
        mt="small"
        size="medium"
        style={
          Array [
            Object {
              "color": "#231B22",
              "fontFamily": "Rubik",
              "fontSize": 16,
              "fontWeight": "400",
              "lineHeight": 24,
              "marginTop": 16,
            },
          ]
        }
      >
        <RNSVGSvgView
          focusable={false}
          style={
            Array [
              Object {
                "backgroundColor": "transparent",
                "borderWidth": 0,
              },
              undefined,
              Object {
                "opacity": 1,
              },
              null,
            ]
          }
        >
          <RNSVGGroup
            fill={
              Array [
                0,
                4278190080,
              ]
            }
            fillOpacity={1}
            fillRule={1}
            font={Object {}}
            matrix={
              Array [
                1,
                0,
                0,
                1,
                0,
                0,
              ]
            }
            opacity={1}
            originX={0}
            originY={0}
            propList={Array []}
            rotation={0}
            scaleX={1}
            scaleY={1}
            skewX={0}
            skewY={0}
            stroke={null}
            strokeDasharray={null}
            strokeDashoffset={null}
            strokeLinecap={0}
            strokeLinejoin={0}
            strokeMiterlimit={4}
            strokeOpacity={1}
            strokeWidth={1}
            vectorEffect={0}
            x={0}
            y={0}
          />
        </RNSVGSvgView>
         4x/month 1-on-1 sessions
      </Text>
      <Text
        inverted={false}
        light={false}
        mt="small"
        size="medium"
        style={
          Array [
            Object {
              "color": "#231B22",
              "fontFamily": "Rubik",
              "fontSize": 16,
              "fontWeight": "400",
              "lineHeight": 24,
              "marginTop": 16,
            },
          ]
        }
      >
        <RNSVGSvgView
          focusable={false}
          style={
            Array [
              Object {
                "backgroundColor": "transparent",
                "borderWidth": 0,
              },
              undefined,
              Object {
                "opacity": 1,
              },
              null,
            ]
          }
        >
          <RNSVGGroup
            fill={
              Array [
                0,
                4278190080,
              ]
            }
            fillOpacity={1}
            fillRule={1}
            font={Object {}}
            matrix={
              Array [
                1,
                0,
                0,
                1,
                0,
                0,
              ]
            }
            opacity={1}
            originX={0}
            originY={0}
            propList={Array []}
            rotation={0}
            scaleX={1}
            scaleY={1}
            skewX={0}
            skewY={0}
            stroke={null}
            strokeDasharray={null}
            strokeDashoffset={null}
            strokeLinecap={0}
            strokeLinejoin={0}
            strokeMiterlimit={4}
            strokeOpacity={1}
            strokeWidth={1}
            vectorEffect={0}
            x={0}
            y={0}
          />
        </RNSVGSvgView>
         2x/month premium classes
      </Text>
    </View>
  </Text>
  <View
    mt="xxxlarge"
    style={
      Array [
        Object {
          "marginTop": 56,
        },
      ]
    }
  >
    <View
      alignItems="center"
      display="flex"
      flexDirection="row"
      style={
        Array [
          Object {
            "alignItems": "center",
            "display": "flex",
            "flexDirection": "row",
          },
        ]
      }
    >
      <View>
        <View
          accessibilityState={
            Object {
              "disabled": false,
            }
          }
          accessible={true}
          focusable={false}
          onClick={[Function]}
          onResponderGrant={[Function]}
          onResponderMove={[Function]}
          onResponderRelease={[Function]}
          onResponderTerminate={[Function]}
          onResponderTerminationRequest={[Function]}
          onStartShouldSetResponder={[Function]}
          style={
            Array [
              Object {
                "alignItems": "center",
                "flexDirection": "row",
              },
              Object {},
            ]
          }
        >
          <View
            style={
              Array [
                Object {
                  "alignItems": "center",
                  "height": 24,
                  "justifyContent": "center",
                  "width": 24,
                },
              ]
            }
          >
            <View
              checked={false}
              disabled={false}
              inverted={false}
              pressed={false}
              style={
                Array [
                  Object {
                    "backgroundColor": "transparent",
                    "borderColor": "#D8385E",
                    "borderRadius": 4,
                    "borderStyle": "solid",
                    "borderWidth": 2,
                    "height": 24,
                    "position": "absolute",
                    "width": 24,
                  },
                ]
              }
            />
          </View>
        </View>
      </View>
      <Text
        inverted={false}
        light={false}
        size="medium"
        style={
          Array [
            Object {
              "color": "#231B22",
              "fontFamily": "Rubik",
              "fontSize": 16,
              "fontWeight": "400",
              "lineHeight": 24,
            },
          ]
        }
      >
        I have read and agree to the Terms of Use and Privacy Policy.
      </Text>
    </View>
  </View>
  <View />
</View>
`;
